
Discarded input sections

 .group         0x00000000        0xc /tmp/cc2TebFe.o
 .group         0x00000000        0xc /tmp/cc2TebFe.o
 .group         0x00000000        0xc /tmp/cc2TebFe.o
 .group         0x00000000        0xc /tmp/cc2TebFe.o
 .group         0x00000000        0xc /tmp/cc2TebFe.o
 .group         0x00000000        0xc /tmp/cc2TebFe.o
 .group         0x00000000        0xc /tmp/cc2TebFe.o
 .group         0x00000000        0xc /tmp/cc2TebFe.o
 .group         0x00000000        0xc /tmp/cc2TebFe.o
 .group         0x00000000        0xc /tmp/cc2TebFe.o
 .group         0x00000000        0xc /tmp/cc2TebFe.o
 .group         0x00000000        0xc /tmp/cc2TebFe.o
 .group         0x00000000        0xc /tmp/cc2TebFe.o
 .group         0x00000000        0xc /tmp/cc2TebFe.o
 .group         0x00000000        0xc /tmp/cc2TebFe.o
 .group         0x00000000        0xc /tmp/cc2TebFe.o
 .group         0x00000000        0xc /tmp/cc2TebFe.o
 .group         0x00000000        0xc /tmp/cc2TebFe.o
 .group         0x00000000        0xc /tmp/cc2TebFe.o
 .group         0x00000000        0xc /tmp/cc2TebFe.o
 .group         0x00000000        0xc /tmp/cc2TebFe.o
 .group         0x00000000        0xc /tmp/cc2TebFe.o
 .group         0x00000000        0xc /tmp/cc2TebFe.o
 .group         0x00000000        0xc /tmp/cc2TebFe.o
 .group         0x00000000        0xc /tmp/cc2TebFe.o
 .group         0x00000000        0xc /tmp/cc2TebFe.o
 .group         0x00000000        0xc /tmp/cc2TebFe.o
 .group         0x00000000        0xc /tmp/cc2TebFe.o
 .group         0x00000000        0xc /tmp/cc2TebFe.o
 .group         0x00000000        0xc /tmp/cc2TebFe.o
 .group         0x00000000        0xc /tmp/cc2TebFe.o

Memory Configuration

Name             Origin             Length             Attributes
SRAM             0x20041f00         0x000000fc         xr
*default*        0x00000000         0xffffffff

Linker script and memory map

                0x20041f00                        . = ORIGIN (SRAM)

.text           0x20041f00       0xb4
 *(.entry.*)
 .entry._stage2_boot
                0x20041f00       0x94 /tmp/cc2TebFe.o
                0x20041f00                _stage2_boot
 *(.text.*)
 .text.wait_and_read
                0x20041f94       0x20 /tmp/cc2TebFe.o
 .text          0x20041fb4        0x0 /tmp/cc2TebFe.o
LOAD /tmp/cc2TebFe.o
START GROUP
LOAD /usr/lib/gcc/arm-none-eabi/14.2.1/thumb/v8-m.main+fp/softfp/libgcc.a
LOAD /usr/lib/gcc/arm-none-eabi/14.2.1/../../../arm-none-eabi/lib/thumb/v8-m.main+fp/softfp/libg.a
LOAD /usr/lib/gcc/arm-none-eabi/14.2.1/../../../arm-none-eabi/lib/thumb/v8-m.main+fp/softfp/libc.a
END GROUP
START GROUP
LOAD /usr/lib/gcc/arm-none-eabi/14.2.1/thumb/v8-m.main+fp/softfp/libgcc.a
LOAD /usr/lib/gcc/arm-none-eabi/14.2.1/../../../arm-none-eabi/lib/thumb/v8-m.main+fp/softfp/libc.a
LOAD /usr/lib/gcc/arm-none-eabi/14.2.1/../../../arm-none-eabi/lib/thumb/v8-m.main+fp/softfp/libnosys.a
END GROUP
OUTPUT(build-xfab_stockerio/boot2.elf elf32-littlearm)
LOAD linker stubs

.data           0x20041fb4        0x0
 .data          0x20041fb4        0x0 /tmp/cc2TebFe.o

.igot.plt       0x20041fb4        0x0
 .igot.plt      0x20041fb4        0x0 /tmp/cc2TebFe.o

.glue_7         0x20041fb4        0x0
 .glue_7        0x20041fb4        0x0 linker stubs

.glue_7t        0x20041fb4        0x0
 .glue_7t       0x20041fb4        0x0 linker stubs

.vfp11_veneer   0x20041fb4        0x0
 .vfp11_veneer  0x20041fb4        0x0 linker stubs

.v4_bx          0x20041fb4        0x0
 .v4_bx         0x20041fb4        0x0 linker stubs

.iplt           0x20041fb4        0x0
 .iplt          0x20041fb4        0x0 /tmp/cc2TebFe.o

.rel.dyn        0x20041fb4        0x0
 .rel.iplt      0x20041fb4        0x0 /tmp/cc2TebFe.o

.bss            0x20041fb4        0x0
 .bss           0x20041fb4        0x0 /tmp/cc2TebFe.o

.debug_info     0x00000000      0x2f4
 .debug_info    0x00000000      0x2f4 /tmp/cc2TebFe.o

.debug_abbrev   0x00000000      0x175
 .debug_abbrev  0x00000000      0x175 /tmp/cc2TebFe.o

.debug_loclists
                0x00000000       0x6d
 .debug_loclists
                0x00000000       0x6d /tmp/cc2TebFe.o

.debug_aranges  0x00000000       0x28
 .debug_aranges
                0x00000000       0x28 /tmp/cc2TebFe.o

.debug_rnglists
                0x00000000       0x26
 .debug_rnglists
                0x00000000       0x26 /tmp/cc2TebFe.o

.debug_macro    0x00000000     0x9ef1
 .debug_macro   0x00000000      0x1eb /tmp/cc2TebFe.o
 .debug_macro   0x000001eb     0x113e /tmp/cc2TebFe.o
 .debug_macro   0x00001329       0x1c /tmp/cc2TebFe.o
 .debug_macro   0x00001345       0x22 /tmp/cc2TebFe.o
 .debug_macro   0x00001367       0x22 /tmp/cc2TebFe.o
 .debug_macro   0x00001389       0x60 /tmp/cc2TebFe.o
 .debug_macro   0x000013e9       0x2a /tmp/cc2TebFe.o
 .debug_macro   0x00001413       0x94 /tmp/cc2TebFe.o
 .debug_macro   0x000014a7       0x3c /tmp/cc2TebFe.o
 .debug_macro   0x000014e3       0x34 /tmp/cc2TebFe.o
 .debug_macro   0x00001517       0x16 /tmp/cc2TebFe.o
 .debug_macro   0x0000152d       0x2e /tmp/cc2TebFe.o
 .debug_macro   0x0000155b      0x34e /tmp/cc2TebFe.o
 .debug_macro   0x000018a9      0x190 /tmp/cc2TebFe.o
 .debug_macro   0x00001a39       0x1c /tmp/cc2TebFe.o
 .debug_macro   0x00001a55       0x22 /tmp/cc2TebFe.o
 .debug_macro   0x00001a77       0x10 /tmp/cc2TebFe.o
 .debug_macro   0x00001a87      0x177 /tmp/cc2TebFe.o
 .debug_macro   0x00001bfe       0x57 /tmp/cc2TebFe.o
 .debug_macro   0x00001c55      0x364 /tmp/cc2TebFe.o
 .debug_macro   0x00001fb9       0x10 /tmp/cc2TebFe.o
 .debug_macro   0x00001fc9       0x6e /tmp/cc2TebFe.o
 .debug_macro   0x00002037       0x43 /tmp/cc2TebFe.o
 .debug_macro   0x0000207a       0x10 /tmp/cc2TebFe.o
 .debug_macro   0x0000208a       0x2e /tmp/cc2TebFe.o
 .debug_macro   0x000020b8      0x22c /tmp/cc2TebFe.o
 .debug_macro   0x000022e4     0x2084 /tmp/cc2TebFe.o
 .debug_macro   0x00004368       0x2f /tmp/cc2TebFe.o
 .debug_macro   0x00004397       0x58 /tmp/cc2TebFe.o
 .debug_macro   0x000043ef     0x4169 /tmp/cc2TebFe.o
 .debug_macro   0x00008558     0x11e3 /tmp/cc2TebFe.o
 .debug_macro   0x0000973b      0x7b6 /tmp/cc2TebFe.o

.debug_line     0x00000000      0x793
 .debug_line    0x00000000      0x793 /tmp/cc2TebFe.o

.debug_str      0x00000000    0x31f5d
 .debug_str     0x00000000    0x31f5d /tmp/cc2TebFe.o
                              0x32162 (size before relaxing)

.comment        0x00000000       0x26
 .comment       0x00000000       0x26 /tmp/cc2TebFe.o
                                 0x27 (size before relaxing)

.ARM.attributes
                0x00000000       0x38
 .ARM.attributes
                0x00000000       0x38 /tmp/cc2TebFe.o

.debug_frame    0x00000000       0x3c
 .debug_frame   0x00000000       0x3c /tmp/cc2TebFe.o
